0x7084c0fe
0x77c6f4dc
0x763a11b8
0x78ac522d
0x73bf9df7
0x770e02a5
0x7be7e7bf
-1
0x770e02a5
0x71728247
Hit rate of the cache is 0.100000