-1 -1
-1 -1
-1 -1
-1 -1
-1 -1
-1 -1
-1 -1
-1 -1

0x72ae2 0x71728
0x4f65d 0x77c6f
0x2fcd8 0x763a1
0xaf199 0x78ac5
0x19c78 0x73bf9
0x6f25e 0x770e0
0xe9bb1 0x7be7e
0xfffff 0xffffffff